// Jest Snapshot v1, https://goo.gl/fbAQLP

exports[`<BgImage /> should render with image 1`] = `
<div>
  <div
    class="gbi--1126057956-undefined"
    style="background-position: center; background-repeat: no-repeat; background-size: cover; position: relative; opacity: 0.99;"
  >
    <style>
      
          .gbi--1126057956-undefined:before,
          .gbi--1126057956-undefined:after {
            content: '';
            display: block;
            position: absolute;
            width: 100%;
            height: 100%;
            top: 0;
            left: 0;
            
            transition: opacity 0.5s ease 250ms;
            background-position: center;
background-repeat: no-repeat;
background-size: cover;

          }
          .gbi--1126057956-undefined:before {
            z-index: -100;
            background-image: url(data:image/png;base64,iVBORw0KGgoAAAANSUhEUgAAABQAAAAPCAYAAADkmO9VAAAACXBIWXMAAAsTAAALEwEAmpwYAAADLUlEQVQ4y2NgoADsWDuJYV53EcOC5iCGzUvbGCZPmkW+Ye+fX2DYtLyHYemUKob///8zbFnWwbR1wwomigx8ducUw8E9OxnuXT/BcP74fpYzxw8xM1hZWqBgUgz8//8Fw/3bFxn+fLrAeO7UEbbHd24wMdjaWoMVFOZmMPR2NDIc2b2BoGFGBtpAw36Bvbp6yWSG7++v865c1M+2Yt4cHoboyGBGkMSk3jaGdcvnMVw+tZ+ggaxsEgycXBJAlgqYD9IfEuAjunj2NF0Qn3FSTysTSPD//+8M96+dYuDj4yPS48oM0/syGPZtW8G8YfUCnvWrlioynDi0im3L6oWsK+dPY9y6ZhHD8T0bGeTl5HAaoSQjyWBlocdgaa4LooUsTLWFgY5hzclIYOpsbuRmOLNvrYCHqyPb5AltYA3CQkIMIsLCDCwszNgNlJVicLIzZHAEYhdHYzZXJyM2Xy93RqAUc15mDDdDb2M+e3x0JJucnBwHMzMzSIJBUV6eIScpnqEiL5vBSE8XiHXA2FBXl8EUGCF6WooM2uoKDGIibAzK8orMooLcbL2dHVyzJ/dKMKioyEuDQ0NJAeyk/z8/M1iZGTA4A5OQv4sTg7G+LoO2hgaDCdBAUDj3VRUxZGfEM6goyDIK8nDyK8pIsQsJCvC31JTzbFy2UJxBSEiQR0RQHBzTAvx8TEa62syGuhoMutYmDJuXz2cQFxZh0FBTY9DXVAe7fmF3E4O+jjpDUVE+w9JFs7namutYLc3NRcqKctkCA/zBUc4S5OvAuWjeDBZzQx3m49s3CEYG+XCANJ/Yu4WBk0OQwcrEiMFIX1/w8LJVTEv62rhVlOS5XJwcWLduWim4fv0qNltra5as9GQBYWEhQYand2+zJMUGsuhoqQsDncD28t4l3o76Ms6/Tx8yXDi6mx2crthZGBQV5fjzkqI4ty6YINdUmqHkam/Fqq0qz+liZ8bf0VDOHxkWLAWMB1GGid2dkMTKwiTCz8fNLycjxSAnI82hrKgg1l5TJnBy/xrmWZOaGWRlxNgdbIzY2yoyxeb21oqoqyqwebvactlZGiskx4TwwlIBAPhL/1n+gpVRAAAAAElFTkSuQmCC);
            
            opacity: 1; 
          }
          .gbi--1126057956-undefined:after {
            z-index: -101;
            
            background-image: url(data:image/png;base64,iVBORw0KGgoAAAANSUhEUgAAABQAAAAPCAYAAADkmO9VAAAACXBIWXMAAAsTAAALEwEAmpwYAAADLUlEQVQ4y2NgoADsWDuJYV53EcOC5iCGzUvbGCZPmkW+Ye+fX2DYtLyHYemUKob///8zbFnWwbR1wwomigx8ducUw8E9OxnuXT/BcP74fpYzxw8xM1hZWqBgUgz8//8Fw/3bFxn+fLrAeO7UEbbHd24wMdjaWoMVFOZmMPR2NDIc2b2BoGFGBtpAw36Bvbp6yWSG7++v865c1M+2Yt4cHoboyGBGkMSk3jaGdcvnMVw+tZ+ggaxsEgycXBJAlgqYD9IfEuAjunj2NF0Qn3FSTysTSPD//+8M96+dYuDj4yPS48oM0/syGPZtW8G8YfUCnvWrlioynDi0im3L6oWsK+dPY9y6ZhHD8T0bGeTl5HAaoSQjyWBlocdgaa4LooUsTLWFgY5hzclIYOpsbuRmOLNvrYCHqyPb5AltYA3CQkIMIsLCDCwszNgNlJVicLIzZHAEYhdHYzZXJyM2Xy93RqAUc15mDDdDb2M+e3x0JJucnBwHMzMzSIJBUV6eIScpnqEiL5vBSE8XiHXA2FBXl8EUGCF6WooM2uoKDGIibAzK8orMooLcbL2dHVyzJ/dKMKioyEuDQ0NJAeyk/z8/M1iZGTA4A5OQv4sTg7G+LoO2hgaDCdBAUDj3VRUxZGfEM6goyDIK8nDyK8pIsQsJCvC31JTzbFy2UJxBSEiQR0RQHBzTAvx8TEa62syGuhoMutYmDJuXz2cQFxZh0FBTY9DXVAe7fmF3E4O+jjpDUVE+w9JFs7namutYLc3NRcqKctkCA/zBUc4S5OvAuWjeDBZzQx3m49s3CEYG+XCANJ/Yu4WBk0OQwcrEiMFIX1/w8LJVTEv62rhVlOS5XJwcWLduWim4fv0qNltra5as9GQBYWEhQYand2+zJMUGsuhoqQsDncD28t4l3o76Ms6/Tx8yXDi6mx2crthZGBQV5fjzkqI4ty6YINdUmqHkam/Fqq0qz+liZ8bf0VDOHxkWLAWMB1GGid2dkMTKwiTCz8fNLycjxSAnI82hrKgg1l5TJnBy/xrmWZOaGWRlxNgdbIzY2yoyxeb21oqoqyqwebvactlZGiskx4TwwlIBAPhL/1n+gpVRAAAAAElFTkSuQmCC);
            
          }
        
    </style>
    <div>
      test
    </div>
  </div>
</div>
`;

exports[`<BgImage /> should render without image 1`] = `
<div>
  <div>
    <div>
      test
    </div>
  </div>
</div>
`;
